lsm303dlhc.c:112:6:LSM303DLHC_AccInit	32	static
lsm303dlhc.c:135:6:LSM303DLHC_AccDeInit	4	static
lsm303dlhc.c:144:9:LSM303DLHC_AccReadID	16	static
lsm303dlhc.c:162:6:LSM303DLHC_AccRebootCmd	16	static
lsm303dlhc.c:181:6:LSM303DLHC_AccFilterConfig	24	static
lsm303dlhc.c:203:6:LSM303DLHC_AccFilterCmd	24	static
lsm303dlhc.c:223:6:LSM303DLHC_AccReadXYZ	40	static
lsm303dlhc.c:292:6:LSM303DLHC_AccFilterClickCmd	24	static
lsm303dlhc.c:320:6:LSM303DLHC_AccIT1Enable	24	static
lsm303dlhc.c:347:6:LSM303DLHC_AccIT1Disable	24	static
lsm303dlhc.c:373:6:LSM303DLHC_AccIT2Enable	24	static
lsm303dlhc.c:399:6:LSM303DLHC_AccIT2Disable	24	static
lsm303dlhc.c:419:6:LSM303DLHC_AccINT1InterruptEnable	24	static
lsm303dlhc.c:439:6:LSM303DLHC_AccINT1InterruptDisable	24	static
lsm303dlhc.c:459:6:LSM303DLHC_AccINT2InterruptEnable	24	static
lsm303dlhc.c:479:6:LSM303DLHC_AccINT2InterruptDisable	24	static
lsm303dlhc.c:498:6:LSM303DLHC_AccClickITEnable	24	static
lsm303dlhc.c:532:6:LSM303DLHC_AccClickITDisable	24	static
lsm303dlhc.c:551:6:LSM303DLHC_AccZClickITConfig	8	static
